// Jest Snapshot v1, https://goo.gl/fbAQLP

exports[`Write cells on canvas should draw a cells on canvas 1`] = `
[
  {
    "props": {
      "height": 500,
      "width": 500,
      "x": 0,
      "y": 0,
    },
    "transform": [
      1,
      0,
      0,
      1,
      0,
      0,
    ],
    "type": "clearRect",
  },
  {
    "props": {},
    "transform": [
      1,
      0,
      0,
      1,
      0,
      0,
    ],
    "type": "beginPath",
  },
  {
    "props": {
      "value": "#808080",
    },
    "transform": [
      1,
      0,
      0,
      1,
      0,
      0,
    ],
    "type": "fillStyle",
  },
  {
    "props": {
      "height": 99,
      "width": 99,
      "x": 1,
      "y": 1,
    },
    "transform": [
      1,
      0,
      0,
      1,
      0,
      0,
    ],
    "type": "clearRect",
  },
  {
    "props": {
      "height": 99,
      "width": 99,
      "x": 101,
      "y": 1,
    },
    "transform": [
      1,
      0,
      0,
      1,
      0,
      0,
    ],
    "type": "clearRect",
  },
  {
    "props": {
      "height": 99,
      "width": 99,
      "x": 201,
      "y": 1,
    },
    "transform": [
      1,
      0,
      0,
      1,
      0,
      0,
    ],
    "type": "clearRect",
  },
  {
    "props": {
      "height": 99,
      "width": 99,
      "x": 301,
      "y": 1,
    },
    "transform": [
      1,
      0,
      0,
      1,
      0,
      0,
    ],
    "type": "clearRect",
  },
  {
    "props": {
      "height": 99,
      "width": 99,
      "x": 401,
      "y": 1,
    },
    "transform": [
      1,
      0,
      0,
      1,
      0,
      0,
    ],
    "type": "clearRect",
  },
  {
    "props": {
      "height": 99,
      "width": 99,
      "x": 1,
      "y": 101,
    },
    "transform": [
      1,
      0,
      0,
      1,
      0,
      0,
    ],
    "type": "clearRect",
  },
  {
    "props": {
      "fillRule": "nonzero",
      "path": [
        {
          "props": {
            "height": 99,
            "width": 99,
            "x": 101,
            "y": 101,
          },
          "transform": [
            1,
            0,
            0,
            1,
            0,
            0,
          ],
          "type": "rect",
        },
      ],
    },
    "transform": [
      1,
      0,
      0,
      1,
      0,
      0,
    ],
    "type": "fill",
  },
  {
    "props": {
      "height": 99,
      "width": 99,
      "x": 201,
      "y": 101,
    },
    "transform": [
      1,
      0,
      0,
      1,
      0,
      0,
    ],
    "type": "clearRect",
  },
  {
    "props": {
      "height": 99,
      "width": 99,
      "x": 301,
      "y": 101,
    },
    "transform": [
      1,
      0,
      0,
      1,
      0,
      0,
    ],
    "type": "clearRect",
  },
  {
    "props": {
      "height": 99,
      "width": 99,
      "x": 401,
      "y": 101,
    },
    "transform": [
      1,
      0,
      0,
      1,
      0,
      0,
    ],
    "type": "clearRect",
  },
  {
    "props": {
      "height": 99,
      "width": 99,
      "x": 1,
      "y": 201,
    },
    "transform": [
      1,
      0,
      0,
      1,
      0,
      0,
    ],
    "type": "clearRect",
  },
  {
    "props": {
      "height": 99,
      "width": 99,
      "x": 101,
      "y": 201,
    },
    "transform": [
      1,
      0,
      0,
      1,
      0,
      0,
    ],
    "type": "clearRect",
  },
  {
    "props": {
      "height": 99,
      "width": 99,
      "x": 201,
      "y": 201,
    },
    "transform": [
      1,
      0,
      0,
      1,
      0,
      0,
    ],
    "type": "clearRect",
  },
  {
    "props": {
      "height": 99,
      "width": 99,
      "x": 301,
      "y": 201,
    },
    "transform": [
      1,
      0,
      0,
      1,
      0,
      0,
    ],
    "type": "clearRect",
  },
  {
    "props": {
      "height": 99,
      "width": 99,
      "x": 401,
      "y": 201,
    },
    "transform": [
      1,
      0,
      0,
      1,
      0,
      0,
    ],
    "type": "clearRect",
  },
  {
    "props": {
      "height": 99,
      "width": 99,
      "x": 1,
      "y": 301,
    },
    "transform": [
      1,
      0,
      0,
      1,
      0,
      0,
    ],
    "type": "clearRect",
  },
  {
    "props": {
      "height": 99,
      "width": 99,
      "x": 101,
      "y": 301,
    },
    "transform": [
      1,
      0,
      0,
      1,
      0,
      0,
    ],
    "type": "clearRect",
  },
  {
    "props": {
      "height": 99,
      "width": 99,
      "x": 201,
      "y": 301,
    },
    "transform": [
      1,
      0,
      0,
      1,
      0,
      0,
    ],
    "type": "clearRect",
  },
  {
    "props": {
      "height": 99,
      "width": 99,
      "x": 301,
      "y": 301,
    },
    "transform": [
      1,
      0,
      0,
      1,
      0,
      0,
    ],
    "type": "clearRect",
  },
  {
    "props": {
      "height": 99,
      "width": 99,
      "x": 401,
      "y": 301,
    },
    "transform": [
      1,
      0,
      0,
      1,
      0,
      0,
    ],
    "type": "clearRect",
  },
  {
    "props": {
      "height": 99,
      "width": 99,
      "x": 1,
      "y": 401,
    },
    "transform": [
      1,
      0,
      0,
      1,
      0,
      0,
    ],
    "type": "clearRect",
  },
  {
    "props": {
      "height": 99,
      "width": 99,
      "x": 101,
      "y": 401,
    },
    "transform": [
      1,
      0,
      0,
      1,
      0,
      0,
    ],
    "type": "clearRect",
  },
  {
    "props": {
      "height": 99,
      "width": 99,
      "x": 201,
      "y": 401,
    },
    "transform": [
      1,
      0,
      0,
      1,
      0,
      0,
    ],
    "type": "clearRect",
  },
  {
    "props": {
      "height": 99,
      "width": 99,
      "x": 301,
      "y": 401,
    },
    "transform": [
      1,
      0,
      0,
      1,
      0,
      0,
    ],
    "type": "clearRect",
  },
  {
    "props": {
      "height": 99,
      "width": 99,
      "x": 401,
      "y": 401,
    },
    "transform": [
      1,
      0,
      0,
      1,
      0,
      0,
    ],
    "type": "clearRect",
  },
  {
    "props": {
      "value": "#000000",
    },
    "transform": [
      1,
      0,
      0,
      1,
      0,
      0,
    ],
    "type": "fillStyle",
  },
  {
    "props": {
      "height": 500,
      "width": 1,
      "x": 0,
      "y": 0,
    },
    "transform": [
      1,
      0,
      0,
      1,
      0,
      0,
    ],
    "type": "fillRect",
  },
  {
    "props": {
      "height": 500,
      "width": 1,
      "x": 100,
      "y": 0,
    },
    "transform": [
      1,
      0,
      0,
      1,
      0,
      0,
    ],
    "type": "fillRect",
  },
  {
    "props": {
      "height": 500,
      "width": 1,
      "x": 200,
      "y": 0,
    },
    "transform": [
      1,
      0,
      0,
      1,
      0,
      0,
    ],
    "type": "fillRect",
  },
  {
    "props": {
      "height": 500,
      "width": 1,
      "x": 300,
      "y": 0,
    },
    "transform": [
      1,
      0,
      0,
      1,
      0,
      0,
    ],
    "type": "fillRect",
  },
  {
    "props": {
      "height": 500,
      "width": 1,
      "x": 400,
      "y": 0,
    },
    "transform": [
      1,
      0,
      0,
      1,
      0,
      0,
    ],
    "type": "fillRect",
  },
  {
    "props": {
      "height": 1,
      "width": 500,
      "x": 0,
      "y": 0,
    },
    "transform": [
      1,
      0,
      0,
      1,
      0,
      0,
    ],
    "type": "fillRect",
  },
  {
    "props": {
      "height": 1,
      "width": 500,
      "x": 0,
      "y": 100,
    },
    "transform": [
      1,
      0,
      0,
      1,
      0,
      0,
    ],
    "type": "fillRect",
  },
  {
    "props": {
      "height": 1,
      "width": 500,
      "x": 0,
      "y": 200,
    },
    "transform": [
      1,
      0,
      0,
      1,
      0,
      0,
    ],
    "type": "fillRect",
  },
  {
    "props": {
      "height": 1,
      "width": 500,
      "x": 0,
      "y": 300,
    },
    "transform": [
      1,
      0,
      0,
      1,
      0,
      0,
    ],
    "type": "fillRect",
  },
  {
    "props": {
      "height": 1,
      "width": 500,
      "x": 0,
      "y": 400,
    },
    "transform": [
      1,
      0,
      0,
      1,
      0,
      0,
    ],
    "type": "fillRect",
  },
  {
    "props": {
      "height": 500,
      "width": 1,
      "x": 499,
      "y": 0,
    },
    "transform": [
      1,
      0,
      0,
      1,
      0,
      0,
    ],
    "type": "fillRect",
  },
  {
    "props": {
      "height": 1,
      "width": 500,
      "x": 0,
      "y": 499,
    },
    "transform": [
      1,
      0,
      0,
      1,
      0,
      0,
    ],
    "type": "fillRect",
  },
  {
    "props": {},
    "transform": [
      1,
      0,
      0,
      1,
      0,
      0,
    ],
    "type": "closePath",
  },
]
`;

exports[`Write cells on canvas should draw one white cell on canvas 1`] = `
[
  {
    "props": {
      "height": 500,
      "width": 500,
      "x": 0,
      "y": 0,
    },
    "transform": [
      1,
      0,
      0,
      1,
      0,
      0,
    ],
    "type": "clearRect",
  },
  {
    "props": {},
    "transform": [
      1,
      0,
      0,
      1,
      0,
      0,
    ],
    "type": "beginPath",
  },
  {
    "props": {
      "value": "#808080",
    },
    "transform": [
      1,
      0,
      0,
      1,
      0,
      0,
    ],
    "type": "fillStyle",
  },
  {
    "props": {
      "height": 99,
      "width": 99,
      "x": 1,
      "y": 1,
    },
    "transform": [
      1,
      0,
      0,
      1,
      0,
      0,
    ],
    "type": "clearRect",
  },
  {
    "props": {
      "height": 99,
      "width": 99,
      "x": 101,
      "y": 1,
    },
    "transform": [
      1,
      0,
      0,
      1,
      0,
      0,
    ],
    "type": "clearRect",
  },
  {
    "props": {
      "height": 99,
      "width": 99,
      "x": 201,
      "y": 1,
    },
    "transform": [
      1,
      0,
      0,
      1,
      0,
      0,
    ],
    "type": "clearRect",
  },
  {
    "props": {
      "height": 99,
      "width": 99,
      "x": 301,
      "y": 1,
    },
    "transform": [
      1,
      0,
      0,
      1,
      0,
      0,
    ],
    "type": "clearRect",
  },
  {
    "props": {
      "height": 99,
      "width": 99,
      "x": 401,
      "y": 1,
    },
    "transform": [
      1,
      0,
      0,
      1,
      0,
      0,
    ],
    "type": "clearRect",
  },
  {
    "props": {
      "height": 99,
      "width": 99,
      "x": 1,
      "y": 101,
    },
    "transform": [
      1,
      0,
      0,
      1,
      0,
      0,
    ],
    "type": "clearRect",
  },
  {
    "props": {
      "fillRule": "nonzero",
      "path": [
        {
          "props": {
            "height": 99,
            "width": 99,
            "x": 101,
            "y": 101,
          },
          "transform": [
            1,
            0,
            0,
            1,
            0,
            0,
          ],
          "type": "rect",
        },
      ],
    },
    "transform": [
      1,
      0,
      0,
      1,
      0,
      0,
    ],
    "type": "fill",
  },
  {
    "props": {
      "height": 99,
      "width": 99,
      "x": 201,
      "y": 101,
    },
    "transform": [
      1,
      0,
      0,
      1,
      0,
      0,
    ],
    "type": "clearRect",
  },
  {
    "props": {
      "height": 99,
      "width": 99,
      "x": 301,
      "y": 101,
    },
    "transform": [
      1,
      0,
      0,
      1,
      0,
      0,
    ],
    "type": "clearRect",
  },
  {
    "props": {
      "height": 99,
      "width": 99,
      "x": 401,
      "y": 101,
    },
    "transform": [
      1,
      0,
      0,
      1,
      0,
      0,
    ],
    "type": "clearRect",
  },
  {
    "props": {
      "height": 99,
      "width": 99,
      "x": 1,
      "y": 201,
    },
    "transform": [
      1,
      0,
      0,
      1,
      0,
      0,
    ],
    "type": "clearRect",
  },
  {
    "props": {
      "height": 99,
      "width": 99,
      "x": 101,
      "y": 201,
    },
    "transform": [
      1,
      0,
      0,
      1,
      0,
      0,
    ],
    "type": "clearRect",
  },
  {
    "props": {
      "height": 99,
      "width": 99,
      "x": 201,
      "y": 201,
    },
    "transform": [
      1,
      0,
      0,
      1,
      0,
      0,
    ],
    "type": "clearRect",
  },
  {
    "props": {
      "height": 99,
      "width": 99,
      "x": 301,
      "y": 201,
    },
    "transform": [
      1,
      0,
      0,
      1,
      0,
      0,
    ],
    "type": "clearRect",
  },
  {
    "props": {
      "height": 99,
      "width": 99,
      "x": 401,
      "y": 201,
    },
    "transform": [
      1,
      0,
      0,
      1,
      0,
      0,
    ],
    "type": "clearRect",
  },
  {
    "props": {
      "height": 99,
      "width": 99,
      "x": 1,
      "y": 301,
    },
    "transform": [
      1,
      0,
      0,
      1,
      0,
      0,
    ],
    "type": "clearRect",
  },
  {
    "props": {
      "height": 99,
      "width": 99,
      "x": 101,
      "y": 301,
    },
    "transform": [
      1,
      0,
      0,
      1,
      0,
      0,
    ],
    "type": "clearRect",
  },
  {
    "props": {
      "height": 99,
      "width": 99,
      "x": 201,
      "y": 301,
    },
    "transform": [
      1,
      0,
      0,
      1,
      0,
      0,
    ],
    "type": "clearRect",
  },
  {
    "props": {
      "height": 99,
      "width": 99,
      "x": 301,
      "y": 301,
    },
    "transform": [
      1,
      0,
      0,
      1,
      0,
      0,
    ],
    "type": "clearRect",
  },
  {
    "props": {
      "height": 99,
      "width": 99,
      "x": 401,
      "y": 301,
    },
    "transform": [
      1,
      0,
      0,
      1,
      0,
      0,
    ],
    "type": "clearRect",
  },
  {
    "props": {
      "height": 99,
      "width": 99,
      "x": 1,
      "y": 401,
    },
    "transform": [
      1,
      0,
      0,
      1,
      0,
      0,
    ],
    "type": "clearRect",
  },
  {
    "props": {
      "height": 99,
      "width": 99,
      "x": 101,
      "y": 401,
    },
    "transform": [
      1,
      0,
      0,
      1,
      0,
      0,
    ],
    "type": "clearRect",
  },
  {
    "props": {
      "height": 99,
      "width": 99,
      "x": 201,
      "y": 401,
    },
    "transform": [
      1,
      0,
      0,
      1,
      0,
      0,
    ],
    "type": "clearRect",
  },
  {
    "props": {
      "height": 99,
      "width": 99,
      "x": 301,
      "y": 401,
    },
    "transform": [
      1,
      0,
      0,
      1,
      0,
      0,
    ],
    "type": "clearRect",
  },
  {
    "props": {
      "height": 99,
      "width": 99,
      "x": 401,
      "y": 401,
    },
    "transform": [
      1,
      0,
      0,
      1,
      0,
      0,
    ],
    "type": "clearRect",
  },
  {
    "props": {
      "value": "#000000",
    },
    "transform": [
      1,
      0,
      0,
      1,
      0,
      0,
    ],
    "type": "fillStyle",
  },
  {
    "props": {
      "height": 500,
      "width": 1,
      "x": 0,
      "y": 0,
    },
    "transform": [
      1,
      0,
      0,
      1,
      0,
      0,
    ],
    "type": "fillRect",
  },
  {
    "props": {
      "height": 500,
      "width": 1,
      "x": 100,
      "y": 0,
    },
    "transform": [
      1,
      0,
      0,
      1,
      0,
      0,
    ],
    "type": "fillRect",
  },
  {
    "props": {
      "height": 500,
      "width": 1,
      "x": 200,
      "y": 0,
    },
    "transform": [
      1,
      0,
      0,
      1,
      0,
      0,
    ],
    "type": "fillRect",
  },
  {
    "props": {
      "height": 500,
      "width": 1,
      "x": 300,
      "y": 0,
    },
    "transform": [
      1,
      0,
      0,
      1,
      0,
      0,
    ],
    "type": "fillRect",
  },
  {
    "props": {
      "height": 500,
      "width": 1,
      "x": 400,
      "y": 0,
    },
    "transform": [
      1,
      0,
      0,
      1,
      0,
      0,
    ],
    "type": "fillRect",
  },
  {
    "props": {
      "height": 1,
      "width": 500,
      "x": 0,
      "y": 0,
    },
    "transform": [
      1,
      0,
      0,
      1,
      0,
      0,
    ],
    "type": "fillRect",
  },
  {
    "props": {
      "height": 1,
      "width": 500,
      "x": 0,
      "y": 100,
    },
    "transform": [
      1,
      0,
      0,
      1,
      0,
      0,
    ],
    "type": "fillRect",
  },
  {
    "props": {
      "height": 1,
      "width": 500,
      "x": 0,
      "y": 200,
    },
    "transform": [
      1,
      0,
      0,
      1,
      0,
      0,
    ],
    "type": "fillRect",
  },
  {
    "props": {
      "height": 1,
      "width": 500,
      "x": 0,
      "y": 300,
    },
    "transform": [
      1,
      0,
      0,
      1,
      0,
      0,
    ],
    "type": "fillRect",
  },
  {
    "props": {
      "height": 1,
      "width": 500,
      "x": 0,
      "y": 400,
    },
    "transform": [
      1,
      0,
      0,
      1,
      0,
      0,
    ],
    "type": "fillRect",
  },
  {
    "props": {
      "height": 500,
      "width": 1,
      "x": 499,
      "y": 0,
    },
    "transform": [
      1,
      0,
      0,
      1,
      0,
      0,
    ],
    "type": "fillRect",
  },
  {
    "props": {
      "height": 1,
      "width": 500,
      "x": 0,
      "y": 499,
    },
    "transform": [
      1,
      0,
      0,
      1,
      0,
      0,
    ],
    "type": "fillRect",
  },
  {
    "props": {},
    "transform": [
      1,
      0,
      0,
      1,
      0,
      0,
    ],
    "type": "closePath",
  },
  {
    "props": {
      "height": 500,
      "width": 500,
      "x": 0,
      "y": 0,
    },
    "transform": [
      1,
      0,
      0,
      1,
      0,
      0,
    ],
    "type": "clearRect",
  },
  {
    "props": {},
    "transform": [
      1,
      0,
      0,
      1,
      0,
      0,
    ],
    "type": "beginPath",
  },
  {
    "props": {
      "value": "#808080",
    },
    "transform": [
      1,
      0,
      0,
      1,
      0,
      0,
    ],
    "type": "fillStyle",
  },
  {
    "props": {
      "fillRule": "nonzero",
      "path": [
        {
          "props": {
            "height": 99,
            "width": 99,
            "x": 1,
            "y": 1,
          },
          "transform": [
            1,
            0,
            0,
            1,
            0,
            0,
          ],
          "type": "rect",
        },
      ],
    },
    "transform": [
      1,
      0,
      0,
      1,
      0,
      0,
    ],
    "type": "fill",
  },
  {
    "props": {
      "fillRule": "nonzero",
      "path": [
        {
          "props": {
            "height": 99,
            "width": 99,
            "x": 101,
            "y": 1,
          },
          "transform": [
            1,
            0,
            0,
            1,
            0,
            0,
          ],
          "type": "rect",
        },
      ],
    },
    "transform": [
      1,
      0,
      0,
      1,
      0,
      0,
    ],
    "type": "fill",
  },
  {
    "props": {
      "fillRule": "nonzero",
      "path": [
        {
          "props": {
            "height": 99,
            "width": 99,
            "x": 201,
            "y": 1,
          },
          "transform": [
            1,
            0,
            0,
            1,
            0,
            0,
          ],
          "type": "rect",
        },
      ],
    },
    "transform": [
      1,
      0,
      0,
      1,
      0,
      0,
    ],
    "type": "fill",
  },
  {
    "props": {
      "fillRule": "nonzero",
      "path": [
        {
          "props": {
            "height": 99,
            "width": 99,
            "x": 301,
            "y": 1,
          },
          "transform": [
            1,
            0,
            0,
            1,
            0,
            0,
          ],
          "type": "rect",
        },
      ],
    },
    "transform": [
      1,
      0,
      0,
      1,
      0,
      0,
    ],
    "type": "fill",
  },
  {
    "props": {
      "fillRule": "nonzero",
      "path": [
        {
          "props": {
            "height": 99,
            "width": 99,
            "x": 401,
            "y": 1,
          },
          "transform": [
            1,
            0,
            0,
            1,
            0,
            0,
          ],
          "type": "rect",
        },
      ],
    },
    "transform": [
      1,
      0,
      0,
      1,
      0,
      0,
    ],
    "type": "fill",
  },
  {
    "props": {
      "fillRule": "nonzero",
      "path": [
        {
          "props": {
            "height": 99,
            "width": 99,
            "x": 1,
            "y": 101,
          },
          "transform": [
            1,
            0,
            0,
            1,
            0,
            0,
          ],
          "type": "rect",
        },
      ],
    },
    "transform": [
      1,
      0,
      0,
      1,
      0,
      0,
    ],
    "type": "fill",
  },
  {
    "props": {
      "height": 99,
      "width": 99,
      "x": 101,
      "y": 101,
    },
    "transform": [
      1,
      0,
      0,
      1,
      0,
      0,
    ],
    "type": "clearRect",
  },
  {
    "props": {
      "fillRule": "nonzero",
      "path": [
        {
          "props": {
            "height": 99,
            "width": 99,
            "x": 201,
            "y": 101,
          },
          "transform": [
            1,
            0,
            0,
            1,
            0,
            0,
          ],
          "type": "rect",
        },
      ],
    },
    "transform": [
      1,
      0,
      0,
      1,
      0,
      0,
    ],
    "type": "fill",
  },
  {
    "props": {
      "fillRule": "nonzero",
      "path": [
        {
          "props": {
            "height": 99,
            "width": 99,
            "x": 301,
            "y": 101,
          },
          "transform": [
            1,
            0,
            0,
            1,
            0,
            0,
          ],
          "type": "rect",
        },
      ],
    },
    "transform": [
      1,
      0,
      0,
      1,
      0,
      0,
    ],
    "type": "fill",
  },
  {
    "props": {
      "fillRule": "nonzero",
      "path": [
        {
          "props": {
            "height": 99,
            "width": 99,
            "x": 401,
            "y": 101,
          },
          "transform": [
            1,
            0,
            0,
            1,
            0,
            0,
          ],
          "type": "rect",
        },
      ],
    },
    "transform": [
      1,
      0,
      0,
      1,
      0,
      0,
    ],
    "type": "fill",
  },
  {
    "props": {
      "fillRule": "nonzero",
      "path": [
        {
          "props": {
            "height": 99,
            "width": 99,
            "x": 1,
            "y": 201,
          },
          "transform": [
            1,
            0,
            0,
            1,
            0,
            0,
          ],
          "type": "rect",
        },
      ],
    },
    "transform": [
      1,
      0,
      0,
      1,
      0,
      0,
    ],
    "type": "fill",
  },
  {
    "props": {
      "fillRule": "nonzero",
      "path": [
        {
          "props": {
            "height": 99,
            "width": 99,
            "x": 101,
            "y": 201,
          },
          "transform": [
            1,
            0,
            0,
            1,
            0,
            0,
          ],
          "type": "rect",
        },
      ],
    },
    "transform": [
      1,
      0,
      0,
      1,
      0,
      0,
    ],
    "type": "fill",
  },
  {
    "props": {
      "fillRule": "nonzero",
      "path": [
        {
          "props": {
            "height": 99,
            "width": 99,
            "x": 201,
            "y": 201,
          },
          "transform": [
            1,
            0,
            0,
            1,
            0,
            0,
          ],
          "type": "rect",
        },
      ],
    },
    "transform": [
      1,
      0,
      0,
      1,
      0,
      0,
    ],
    "type": "fill",
  },
  {
    "props": {
      "fillRule": "nonzero",
      "path": [
        {
          "props": {
            "height": 99,
            "width": 99,
            "x": 301,
            "y": 201,
          },
          "transform": [
            1,
            0,
            0,
            1,
            0,
            0,
          ],
          "type": "rect",
        },
      ],
    },
    "transform": [
      1,
      0,
      0,
      1,
      0,
      0,
    ],
    "type": "fill",
  },
  {
    "props": {
      "fillRule": "nonzero",
      "path": [
        {
          "props": {
            "height": 99,
            "width": 99,
            "x": 401,
            "y": 201,
          },
          "transform": [
            1,
            0,
            0,
            1,
            0,
            0,
          ],
          "type": "rect",
        },
      ],
    },
    "transform": [
      1,
      0,
      0,
      1,
      0,
      0,
    ],
    "type": "fill",
  },
  {
    "props": {
      "fillRule": "nonzero",
      "path": [
        {
          "props": {
            "height": 99,
            "width": 99,
            "x": 1,
            "y": 301,
          },
          "transform": [
            1,
            0,
            0,
            1,
            0,
            0,
          ],
          "type": "rect",
        },
      ],
    },
    "transform": [
      1,
      0,
      0,
      1,
      0,
      0,
    ],
    "type": "fill",
  },
  {
    "props": {
      "fillRule": "nonzero",
      "path": [
        {
          "props": {
            "height": 99,
            "width": 99,
            "x": 101,
            "y": 301,
          },
          "transform": [
            1,
            0,
            0,
            1,
            0,
            0,
          ],
          "type": "rect",
        },
      ],
    },
    "transform": [
      1,
      0,
      0,
      1,
      0,
      0,
    ],
    "type": "fill",
  },
  {
    "props": {
      "fillRule": "nonzero",
      "path": [
        {
          "props": {
            "height": 99,
            "width": 99,
            "x": 201,
            "y": 301,
          },
          "transform": [
            1,
            0,
            0,
            1,
            0,
            0,
          ],
          "type": "rect",
        },
      ],
    },
    "transform": [
      1,
      0,
      0,
      1,
      0,
      0,
    ],
    "type": "fill",
  },
  {
    "props": {
      "fillRule": "nonzero",
      "path": [
        {
          "props": {
            "height": 99,
            "width": 99,
            "x": 301,
            "y": 301,
          },
          "transform": [
            1,
            0,
            0,
            1,
            0,
            0,
          ],
          "type": "rect",
        },
      ],
    },
    "transform": [
      1,
      0,
      0,
      1,
      0,
      0,
    ],
    "type": "fill",
  },
  {
    "props": {
      "fillRule": "nonzero",
      "path": [
        {
          "props": {
            "height": 99,
            "width": 99,
            "x": 401,
            "y": 301,
          },
          "transform": [
            1,
            0,
            0,
            1,
            0,
            0,
          ],
          "type": "rect",
        },
      ],
    },
    "transform": [
      1,
      0,
      0,
      1,
      0,
      0,
    ],
    "type": "fill",
  },
  {
    "props": {
      "fillRule": "nonzero",
      "path": [
        {
          "props": {
            "height": 99,
            "width": 99,
            "x": 1,
            "y": 401,
          },
          "transform": [
            1,
            0,
            0,
            1,
            0,
            0,
          ],
          "type": "rect",
        },
      ],
    },
    "transform": [
      1,
      0,
      0,
      1,
      0,
      0,
    ],
    "type": "fill",
  },
  {
    "props": {
      "fillRule": "nonzero",
      "path": [
        {
          "props": {
            "height": 99,
            "width": 99,
            "x": 101,
            "y": 401,
          },
          "transform": [
            1,
            0,
            0,
            1,
            0,
            0,
          ],
          "type": "rect",
        },
      ],
    },
    "transform": [
      1,
      0,
      0,
      1,
      0,
      0,
    ],
    "type": "fill",
  },
  {
    "props": {
      "fillRule": "nonzero",
      "path": [
        {
          "props": {
            "height": 99,
            "width": 99,
            "x": 201,
            "y": 401,
          },
          "transform": [
            1,
            0,
            0,
            1,
            0,
            0,
          ],
          "type": "rect",
        },
      ],
    },
    "transform": [
      1,
      0,
      0,
      1,
      0,
      0,
    ],
    "type": "fill",
  },
  {
    "props": {
      "fillRule": "nonzero",
      "path": [
        {
          "props": {
            "height": 99,
            "width": 99,
            "x": 301,
            "y": 401,
          },
          "transform": [
            1,
            0,
            0,
            1,
            0,
            0,
          ],
          "type": "rect",
        },
      ],
    },
    "transform": [
      1,
      0,
      0,
      1,
      0,
      0,
    ],
    "type": "fill",
  },
  {
    "props": {
      "fillRule": "nonzero",
      "path": [
        {
          "props": {
            "height": 99,
            "width": 99,
            "x": 401,
            "y": 401,
          },
          "transform": [
            1,
            0,
            0,
            1,
            0,
            0,
          ],
          "type": "rect",
        },
      ],
    },
    "transform": [
      1,
      0,
      0,
      1,
      0,
      0,
    ],
    "type": "fill",
  },
  {
    "props": {
      "value": "#000000",
    },
    "transform": [
      1,
      0,
      0,
      1,
      0,
      0,
    ],
    "type": "fillStyle",
  },
  {
    "props": {
      "height": 500,
      "width": 1,
      "x": 0,
      "y": 0,
    },
    "transform": [
      1,
      0,
      0,
      1,
      0,
      0,
    ],
    "type": "fillRect",
  },
  {
    "props": {
      "height": 500,
      "width": 1,
      "x": 100,
      "y": 0,
    },
    "transform": [
      1,
      0,
      0,
      1,
      0,
      0,
    ],
    "type": "fillRect",
  },
  {
    "props": {
      "height": 500,
      "width": 1,
      "x": 200,
      "y": 0,
    },
    "transform": [
      1,
      0,
      0,
      1,
      0,
      0,
    ],
    "type": "fillRect",
  },
  {
    "props": {
      "height": 500,
      "width": 1,
      "x": 300,
      "y": 0,
    },
    "transform": [
      1,
      0,
      0,
      1,
      0,
      0,
    ],
    "type": "fillRect",
  },
  {
    "props": {
      "height": 500,
      "width": 1,
      "x": 400,
      "y": 0,
    },
    "transform": [
      1,
      0,
      0,
      1,
      0,
      0,
    ],
    "type": "fillRect",
  },
  {
    "props": {
      "height": 1,
      "width": 500,
      "x": 0,
      "y": 0,
    },
    "transform": [
      1,
      0,
      0,
      1,
      0,
      0,
    ],
    "type": "fillRect",
  },
  {
    "props": {
      "height": 1,
      "width": 500,
      "x": 0,
      "y": 100,
    },
    "transform": [
      1,
      0,
      0,
      1,
      0,
      0,
    ],
    "type": "fillRect",
  },
  {
    "props": {
      "height": 1,
      "width": 500,
      "x": 0,
      "y": 200,
    },
    "transform": [
      1,
      0,
      0,
      1,
      0,
      0,
    ],
    "type": "fillRect",
  },
  {
    "props": {
      "height": 1,
      "width": 500,
      "x": 0,
      "y": 300,
    },
    "transform": [
      1,
      0,
      0,
      1,
      0,
      0,
    ],
    "type": "fillRect",
  },
  {
    "props": {
      "height": 1,
      "width": 500,
      "x": 0,
      "y": 400,
    },
    "transform": [
      1,
      0,
      0,
      1,
      0,
      0,
    ],
    "type": "fillRect",
  },
  {
    "props": {
      "height": 500,
      "width": 1,
      "x": 499,
      "y": 0,
    },
    "transform": [
      1,
      0,
      0,
      1,
      0,
      0,
    ],
    "type": "fillRect",
  },
  {
    "props": {
      "height": 1,
      "width": 500,
      "x": 0,
      "y": 499,
    },
    "transform": [
      1,
      0,
      0,
      1,
      0,
      0,
    ],
    "type": "fillRect",
  },
  {
    "props": {},
    "transform": [
      1,
      0,
      0,
      1,
      0,
      0,
    ],
    "type": "closePath",
  },
]
`;
